
> fruit-baby-world@0.1.0 build
> next build

▲ Next.js 16.2.4 (Turbopack)

  Creating an optimized production build ...

> Build error occurred
Error: Turbopack build failed with 1 errors:
./src/app/globals.css
Error evaluating Node.js code
Error: Cannot find native binding. npm has a bug related to optional dependencies (https://github.com/npm/cli/issues/4828). Please try `npm i` again after removing both package-lock.json and node_modules directory.
    [at Object.<anonymous> (/workspaces/fruit-baby-world/node_modules/@tailwindcss/oxide/index.js:559:11)]
    [at Module._compile (node:internal/modules/cjs/loader:1812:14)]
    [at Object..js (node:internal/modules/cjs/loader:1943:10)]
    [at Module.load (node:internal/modules/cjs/loader:1533:32)]
    [at Module._load (node:internal/modules/cjs/loader:1335:12)]
    [at wrapModuleLoad (node:internal/modules/cjs/loader:255:19)]
    [at Module.require (node:internal/modules/cjs/loader:1556:12)]
    [at require (node:internal/modules/helpers:152:16)]
    [at Object.<anonymous> (/workspaces/fruit-baby-world/node_modules/@tailwindcss/postcss/dist/index.js:1:1406)]
    [at Module._compile (node:internal/modules/cjs/loader:1812:14)]
Caused by: Error: Cannot find module '@tailwindcss/oxide-linux-x64-gnu'
Require stack:
- /workspaces/fruit-baby-world/node_modules/@tailwindcss/oxide/index.js
- /workspaces/fruit-baby-world/node_modules/@tailwindcss/postcss/dist/index.js
- /workspaces/fruit-baby-world/.next/build/chunks/[root-of-the-server]__0d-m0h0._.js
- /workspaces/fruit-baby-world/.next/build/chunks/[turbopack]_runtime.js
- /workspaces/fruit-baby-world/.next/build/postcss.js
    [at Module._resolveFilename (node:internal/modules/cjs/loader:1456:15)]
    [at defaultResolveImpl (node:internal/modules/cjs/loader:1066:19)]
    [at resolveForCJSWithHooks (node:internal/modules/cjs/loader:1071:22)]
    [at Module._load (node:internal/modules/cjs/loader:1242:25)]
    [at wrapModuleLoad (node:internal/modules/cjs/loader:255:19)]
    [at Module.require (node:internal/modules/cjs/loader:1556:12)]
    [at require (node:internal/modules/helpers:152:16)]
    [at requireNative (/workspaces/fruit-baby-world/node_modules/@tailwindcss/oxide/index.js:288:27)]
    [at Object.<anonymous> (/workspaces/fruit-baby-world/node_modules/@tailwindcss/oxide/index.js:526:17)]
    [at Module._compile (node:internal/modules/cjs/loader:1812:14)]
Caused by: Error: Cannot find module './tailwindcss-oxide.linux-x64-gnu.node'
Require stack:
- /workspaces/fruit-baby-world/node_modules/@tailwindcss/oxide/index.js
- /workspaces/fruit-baby-world/node_modules/@tailwindcss/postcss/dist/index.js
- /workspaces/fruit-baby-world/.next/build/chunks/[root-of-the-server]__0d-m0h0._.js
- /workspaces/fruit-baby-world/.next/build/chunks/[turbopack]_runtime.js
- /workspaces/fruit-baby-world/.next/build/postcss.js
    [at Module._resolveFilename (node:internal/modules/cjs/loader:1456:15)]
    [at defaultResolveImpl (node:internal/modules/cjs/loader:1066:19)]
    [at resolveForCJSWithHooks (node:internal/modules/cjs/loader:1071:22)]
    [at Module._load (node:internal/modules/cjs/loader:1242:25)]
    [at wrapModuleLoad (node:internal/modules/cjs/loader:255:19)]
    [at Module.require (node:internal/modules/cjs/loader:1556:12)]
    [at require (node:internal/modules/helpers:152:16)]
    [at requireNative (/workspaces/fruit-baby-world/node_modules/@tailwindcss/oxide/index.js:283:18)]
    [at Object.<anonymous> (/workspaces/fruit-baby-world/node_modules/@tailwindcss/oxide/index.js:526:17)]
    [at Module._compile (node:internal/modules/cjs/loader:1812:14)]

Import trace:
  Client Component Browser:
    ./src/app/globals.css [Client Component Browser]
    ./src/app/layout.tsx [Server Component]


    at ignore-listed frames
